// Jest Snapshot v1, https://goo.gl/fbAQLP

exports[`MapsView component should test the component renders without fail 1`] = `ShallowWrapper {}`;

exports[`MapsView component should test the is loading state 1`] = `ShallowWrapper {}`;

exports[`MapsView component should test the poyline displayed on the map 1`] = `ShallowWrapper {}`;
